// Jest Snapshot v1, https://goo.gl/fbAQLP

exports[`renders correctly 1`] = `
<section
  className="locations container"
>
  <ul
    className="locations__list tabs__list"
  >
    
  </ul>
</section>
`;
