// Jest Snapshot v1, https://goo.gl/fbAQLP

exports[`withAuthForm is rendered correctly 1`] = `<div />`;
